
> test_playwright@1.0.0 test
> npm run ui:test && npm run api:test


> test_playwright@1.0.0 ui:test
> npx playwright test --config=ui-tests/playwright.config.ts


Running 9 tests using 9 workers

  ✓  7 [chromium] › ui-tests/tests/login.spec.ts:7:7 › Executive Application UI Authentication › should log in with valid credentials and validate dashboard state (5.9s)
  ✓  9 [webkit] › ui-tests/tests/login.spec.ts:7:7 › Executive Application UI Authentication › should log in with valid credentials and validate dashboard state (5.9s)
  ✓  4 [webkit] › ui-tests/tests/dashboard-navigation.spec.ts:7:7 › Executive Application UI Smoke › should navigate from dashboard to Account management after login [smoke] (7.0s)
  ✓  8 [chromium] › ui-tests/tests/login.spec.ts:22:7 › Executive Application UI Authentication › should log out from profile menu and return to login page (7.2s)
  ✓  5 [firefox] › ui-tests/tests/login.spec.ts:7:7 › Executive Application UI Authentication › should log in with valid credentials and validate dashboard state (7.1s)
  ✓  6 [webkit] › ui-tests/tests/login.spec.ts:22:7 › Executive Application UI Authentication › should log out from profile menu and return to login page (9.3s)
  ✓  2 [firefox] › ui-tests/tests/login.spec.ts:22:7 › Executive Application UI Authentication › should log out from profile menu and return to login page (8.1s)
  ✘  1 [chromium] › ui-tests/tests/dashboard-navigation.spec.ts:7:7 › Executive Application UI Smoke › should navigate from dashboard to Account management after login [smoke] (25.3s)
  ✘  3 [firefox] › ui-tests/tests/dashboard-navigation.spec.ts:7:7 › Executive Application UI Smoke › should navigate from dashboard to Account management after login [smoke] (37.3s)


  1) [chromium] › ui-tests/tests/dashboard-navigation.spec.ts:7:7 › Executive Application UI Smoke › should navigate from dashboard to Account management after login [smoke] 

    Error: [2mexpect([22m[31mlocator[39m[2m).[22mtoBeVisible[2m([22m[2m)[22m failed

    Locator: getByRole('heading', { name: /welcome back/i }).first()
    Expected: visible
    Timeout: 20000ms
    Error: element(s) not found

    Call log:
    [2m  - Expect "toBeVisible" with timeout 20000ms[22m
    [2m  - waiting for getByRole('heading', { name: /welcome back/i }).first()[22m


       at ../pages/DashboardPage.ts:15

      13 |
      14 |   async expectLoaded() {
    > 15 |     await expect(this.welcomeHeading).toBeVisible({ timeout: 20000 });
         |                                       ^
      16 |     await expect(this.page).toHaveURL(/dashboard|\/$/, { timeout: 20000 });
      17 |   }
      18 |
        at DashboardPage.expectLoaded (/home/nixbug/test_playwright/ui-tests/pages/DashboardPage.ts:15:39)
        at /home/nixbug/test_playwright/ui-tests/tests/dashboard-navigation.spec.ts:14:25

    attachment #1: screenshot (image/png) ──────────────────────────────────────────────────────────
    test-results/ui/dashboard-navigation-Execu-6bec0-nagement-after-login-smoke--chromium/test-failed-1.png
    ────────────────────────────────────────────────────────────────────────────────────────────────

    attachment #2: video (video/webm) ──────────────────────────────────────────────────────────────
    test-results/ui/dashboard-navigation-Execu-6bec0-nagement-after-login-smoke--chromium/video.webm
    ────────────────────────────────────────────────────────────────────────────────────────────────

    Error Context: test-results/ui/dashboard-navigation-Execu-6bec0-nagement-after-login-smoke--chromium/error-context.md

  2) [firefox] › ui-tests/tests/dashboard-navigation.spec.ts:7:7 › Executive Application UI Smoke › should navigate from dashboard to Account management after login [smoke] 

    TimeoutError: page.waitForLoadState: Timeout 30000ms exceeded.

       at ../pages/DashboardPage.ts:23

      21 |     await expect(card).toBeVisible({ timeout: 15000 });
      22 |     await Promise.all([
    > 23 |       this.page.waitForLoadState('networkidle'),
         |                 ^
      24 |       card.click()
      25 |     ]);
      26 |   }
        at DashboardPage.clickSectionCard (/home/nixbug/test_playwright/ui-tests/pages/DashboardPage.ts:23:17)
        at /home/nixbug/test_playwright/ui-tests/tests/dashboard-navigation.spec.ts:16:5

    attachment #1: screenshot (image/png) ──────────────────────────────────────────────────────────
    test-results/ui/dashboard-navigation-Execu-6bec0-nagement-after-login-smoke--firefox/test-failed-1.png
    ────────────────────────────────────────────────────────────────────────────────────────────────

    attachment #2: video (video/webm) ──────────────────────────────────────────────────────────────
    test-results/ui/dashboard-navigation-Execu-6bec0-nagement-after-login-smoke--firefox/video.webm
    ────────────────────────────────────────────────────────────────────────────────────────────────

    Error Context: test-results/ui/dashboard-navigation-Execu-6bec0-nagement-after-login-smoke--firefox/error-context.md

  2 failed
    [chromium] › ui-tests/tests/dashboard-navigation.spec.ts:7:7 › Executive Application UI Smoke › should navigate from dashboard to Account management after login [smoke] 
    [firefox] › ui-tests/tests/dashboard-navigation.spec.ts:7:7 › Executive Application UI Smoke › should navigate from dashboard to Account management after login [smoke] 
  7 passed (39.2s)

To open last HTML report run:
[36m[39m
[36m  npx playwright show-report reports/ui[39m
[36m[39m
